V3 3
FL "//file/usersm$/mrh129/home/My Documents/cache-management-FPGA/testProject/bit4_counter.vhd" 2016/10/07.13:53:00 M.81d
EN work/bit4_counter 1475803190 \
      FL "//file/usersm$/mrh129/home/My Documents/cache-management-FPGA/testProject/bit4_counter.vhd" \
      PB ieee/std_logic_1164 1290154108 PB ieee/std_logic_arith 1290154109 \
      PB ieee/STD_LOGIC_UNSIGNED 1290154110
AR work/bit4_counter/Behavioral 1475803191 \
      FL "//file/usersm$/mrh129/home/My Documents/cache-management-FPGA/testProject/bit4_counter.vhd" \
      EN work/bit4_counter 1475803190
