EN cache_controller_frog NULL //file/userss$/srj52/home/FPGA2016/cache-management-FPGA/cache_controller/cache_controller_frog.vhd sub00/vhpl00 1475897604
AR cache_controller_frog behavioral //file/userss$/srj52/home/FPGA2016/cache-management-FPGA/cache_controller/cache_controller_frog.vhd sub00/vhpl01 1475897605
