EN simple_ram NULL //file/usersb$/bhq12/home/cache_controller/simple_ram.vhd sub00/vhpl04 1475635632
EN sram NULL //file/usersb$/bhq12/home/cache_controller/SRAM.vhd sub00/vhpl00 1475634512
EN cache_controller_frog NULL //file/usersb$/bhq12/home/cache_controller/cache_controller_frog.vhd sub00/vhpl06 1475639580
EN cache_ram NULL //file/usersb$/bhq12/home/cache_controller/cache_ram.vhd sub00/vhpl02 1475635305
AR cache_controller_frog behavioral //file/usersb$/bhq12/home/cache_controller/cache_controller_frog.vhd sub00/vhpl07 1475639581
AR sram behavioral //file/usersb$/bhq12/home/cache_controller/SRAM.vhd sub00/vhpl01 1475634513
AR cache_ram behavioral //file/usersb$/bhq12/home/cache_controller/cache_ram.vhd sub00/vhpl03 1475635306
AR simple_ram behavioral //file/usersb$/bhq12/home/cache_controller/simple_ram.vhd sub00/vhpl05 1475635633
