EN cache_controller NULL //file/usersb$/bhq12/home/cache-management-FPGA/cache_controller/cache_controller_frog.vhd sub00/vhpl08 1476053746
EN cache_ram_two_way NULL "//file/usersm$/mrh129/home/My Documents/cache-management-FPGA/cache_controller/cache_ram_two_way.vhd" sub00/vhpl12 1476101938
EN cache_system_two_way NULL "//file/usersm$/mrh129/home/My Documents/cache-management-FPGA/cache_controller/cache_system_two_way.vhd" sub00/vhpl14 1476101940
EN simple_ram NULL "//file/usersm$/mrh129/home/My Documents/cache-management-FPGA/cache_controller/simple_ram.vhd" sub00/vhpl04 1476101936
AR cache_system behavioral "//file/usersm$/mrh129/home/My Documents/cache-management-FPGA/cache_controller/cache_system.vhd" sub00/vhpl11 1476101632
EN sram NULL //file/usersb$/bhq12/home/cache_controller/SRAM.vhd sub00/vhpl00 1475634512
EN cache_controller_frog NULL "//file/usersm$/mrh129/home/My Documents/cache-management-FPGA/cache_controller/cache_controller_frog.vhd" sub00/vhpl06 1476101934
EN cache_ram NULL "//file/usersm$/mrh129/home/My Documents/cache-management-FPGA/cache_controller/cache_ram.vhd" sub00/vhpl02 1476101629
EN cache_system NULL "//file/usersm$/mrh129/home/My Documents/cache-management-FPGA/cache_controller/cache_system.vhd" sub00/vhpl10 1476101631
AR cache_controller_frog behavioral "//file/usersm$/mrh129/home/My Documents/cache-management-FPGA/cache_controller/cache_controller_frog.vhd" sub00/vhpl07 1476101935
AR cache_system_two_way behavioral "//file/usersm$/mrh129/home/My Documents/cache-management-FPGA/cache_controller/cache_system_two_way.vhd" sub00/vhpl15 1476101941
AR cache_ram_two_way behavioral "//file/usersm$/mrh129/home/My Documents/cache-management-FPGA/cache_controller/cache_ram_two_way.vhd" sub00/vhpl13 1476101939
AR sram behavioral //file/usersb$/bhq12/home/cache_controller/SRAM.vhd sub00/vhpl01 1475634513
AR cache_ram behavioral "//file/usersm$/mrh129/home/My Documents/cache-management-FPGA/cache_controller/cache_ram.vhd" sub00/vhpl03 1476101630
AR simple_ram behavioral "//file/usersm$/mrh129/home/My Documents/cache-management-FPGA/cache_controller/simple_ram.vhd" sub00/vhpl05 1476101937
AR cache_controller behavioral //file/usersb$/bhq12/home/cache-management-FPGA/cache_controller/cache_controller_frog.vhd sub00/vhpl09 1476053747
