V3 12
FL //file/usersb$/bhq12/home/cache_controller/cache_controller_frog.vhd 2016/10/05.16:52:53 M.81d
EN work/cache_controller_frog 1475639580 \
      FL //file/usersb$/bhq12/home/cache_controller/cache_controller_frog.vhd \
      PB ieee/std_logic_1164 1290154108
AR work/cache_controller_frog/Behavioral 1475639581 \
      FL //file/usersb$/bhq12/home/cache_controller/cache_controller_frog.vhd \
      EN work/cache_controller_frog 1475639580
FL //file/usersb$/bhq12/home/cache_controller/cache_ram.vhd 2016/10/05.15:41:34 M.81d
EN work/cache_ram 1475635305 \
      FL //file/usersb$/bhq12/home/cache_controller/cache_ram.vhd \
      PB ieee/std_logic_1164 1290154108 PB ieee/std_logic_arith 1290154109
AR work/cache_ram/Behavioral 1475635306 \
      FL //file/usersb$/bhq12/home/cache_controller/cache_ram.vhd \
      EN work/cache_ram 1475635305
FL //file/usersb$/bhq12/home/cache_controller/simple_ram.vhd 2016/10/05.15:47:04 M.81d
EN work/simple_ram 1475635632 \
      FL //file/usersb$/bhq12/home/cache_controller/simple_ram.vhd \
      PB ieee/std_logic_1164 1290154108 PB ieee/std_logic_arith 1290154109
AR work/simple_ram/Behavioral 1475635633 \
      FL //file/usersb$/bhq12/home/cache_controller/simple_ram.vhd \
      EN work/simple_ram 1475635632
FL //file/usersb$/bhq12/home/cache_controller/SRAM.vhd 2016/10/05.13:28:00 M.81d
EN work/SRAM 1475634512 FL //file/usersb$/bhq12/home/cache_controller/SRAM.vhd \
      PB ieee/std_logic_1164 1290154108
AR work/SRAM/Behavioral 1475634513 \
      FL //file/usersb$/bhq12/home/cache_controller/SRAM.vhd EN work/SRAM 1475634512
