V3 24
FL //file/usersb$/bhq12/home/cache-management-FPGA/cache_controller/cache_controller_frog.vhd 2016/10/10.17:00:34 M.81d
EN work/cache_controller_frog 1476075298 \
      FL //file/usersb$/bhq12/home/cache-management-FPGA/cache_controller/cache_controller_frog.vhd \
      PB ieee/std_logic_1164 1290154108 PB ieee/std_logic_arith 1290154109 \
      PB ieee/STD_LOGIC_UNSIGNED 1290154110
AR work/cache_controller_frog/Behavioral 1476075299 \
      FL //file/usersb$/bhq12/home/cache-management-FPGA/cache_controller/cache_controller_frog.vhd \
      EN work/cache_controller_frog 1476075298
FL //file/usersb$/bhq12/home/cache-management-FPGA/cache_controller/cache_ram.vhd 2016/10/10.14:30:12 M.81d
EN work/cache_ram 1476075302 \
      FL //file/usersb$/bhq12/home/cache-management-FPGA/cache_controller/cache_ram.vhd \
      PB ieee/std_logic_1164 1290154108 PB ieee/std_logic_arith 1290154109 \
      PB ieee/STD_LOGIC_UNSIGNED 1290154110
AR work/cache_ram/Behavioral 1476075303 \
      FL //file/usersb$/bhq12/home/cache-management-FPGA/cache_controller/cache_ram.vhd \
      EN work/cache_ram 1476075302
FL //file/usersb$/bhq12/home/cache-management-FPGA/cache_controller/cache_system.vhd 2016/10/10.17:52:02 M.81d
EN work/cache_system 1476075304 \
      FL //file/usersb$/bhq12/home/cache-management-FPGA/cache_controller/cache_system.vhd \
      PB ieee/std_logic_1164 1290154108 PB ieee/std_logic_arith 1290154109 \
      PB ieee/STD_LOGIC_UNSIGNED 1290154110
AR work/cache_system/Behavioral 1476075305 \
      FL //file/usersb$/bhq12/home/cache-management-FPGA/cache_controller/cache_system.vhd \
      EN work/cache_system 1476075304 CP cache_controller_frog CP simple_ram \
      CP cache_ram
FL //file/usersb$/bhq12/home/cache-management-FPGA/cache_controller/simple_ram.vhd 2016/10/10.17:06:36 M.81d
EN work/simple_ram 1476075300 \
      FL //file/usersb$/bhq12/home/cache-management-FPGA/cache_controller/simple_ram.vhd \
      PB ieee/std_logic_1164 1290154108 PB ieee/std_logic_arith 1290154109
AR work/simple_ram/Behavioral 1476075301 \
      FL //file/usersb$/bhq12/home/cache-management-FPGA/cache_controller/simple_ram.vhd \
      EN work/simple_ram 1476075300
FL //file/usersb$/bhq12/home/cache_controller/cache_controller_frog.vhd 2016/10/05.16:52:53 M.81d
FL //file/usersb$/bhq12/home/cache_controller/cache_ram.vhd 2016/10/05.15:41:34 M.81d
FL //file/usersb$/bhq12/home/cache_controller/simple_ram.vhd 2016/10/05.15:47:04 M.81d
FL //file/usersb$/bhq12/home/cache_controller/SRAM.vhd 2016/10/05.13:28:00 M.81d
EN work/SRAM 1475634512 FL //file/usersb$/bhq12/home/cache_controller/SRAM.vhd \
      PB ieee/std_logic_1164 1290154108
AR work/SRAM/Behavioral 1475634513 \
      FL //file/usersb$/bhq12/home/cache_controller/SRAM.vhd EN work/SRAM 1475634512
FL "//file/usersm$/mrh129/home/My Documents/cache-management-FPGA/cache_controller/cache_controller_frog.vhd" 2016/10/07.15:57:08 M.81d
FL "//file/usersm$/mrh129/home/My Documents/cache-management-FPGA/cache_controller/cache_ram.vhd" 2016/10/07.16:38:00 M.81d
FL "//file/usersm$/mrh129/home/My Documents/cache-management-FPGA/cache_controller/simple_ram.vhd" 2016/10/07.13:39:22 M.81d
