V3 3
FL //file/userss$/srj52/home/FPGA2016/cache-management-FPGA/cache_controller/cache_controller_frog.vhd 2016/10/08.14:24:29 P.20131013
EN work/cache_controller_frog 1475897604 \
      FL //file/userss$/srj52/home/FPGA2016/cache-management-FPGA/cache_controller/cache_controller_frog.vhd \
      PB ieee/std_logic_1164 1381692176 PB ieee/std_logic_arith 1381692177 \
      PB ieee/STD_LOGIC_UNSIGNED 1381692179
AR work/cache_controller_frog/Behavioral 1475897605 \
      FL //file/userss$/srj52/home/FPGA2016/cache-management-FPGA/cache_controller/cache_controller_frog.vhd \
      EN work/cache_controller_frog 1475897604
